Vivado Simulator v2022.2
Copyright 1986-1999, 2001-2022 Xilinx, Inc. All Rights Reserved.
Running: /tools/Xilinx/Vivado/2022.2/bin/unwrapped/lnx64.o/xelab tb_pcie_axi_dma --snapshot tb_pcie_axi_dma_snap -generic_top TB_SCENARIO=0 -generic_top FIFO_DEPTH=64 -generic_top BATCH_COUNT=4 -generic_top BATCH_TIMEOUT=64 --timescale 1ns/1ps --debug typical -log xelab.log 
Multi-threading is on. Using 2 slave threads.
Starting static elaboration
Pass Through NonSizing Optimizer
Completed static elaboration
Starting simulation data flow analysis
Completed simulation data flow analysis
Time Resolution for simulation is 1ps
Compiling package work.pcie_axi_pkg
Compiling module work.pcie_model(DATA_WIDTH=64,PKT_SIZ...
Compiling module work.dma_model(DATA_WIDTH=64,PKT_SIZE...
Compiling module work.axi_mm2s_adapter(DATA_WIDTH=64,P...
Compiling module work.axis_fifo(DATA_WIDTH=64,PKT_SIZE...
Compiling module work.batching_unit(DATA_WIDTH=64,PKT_...
Compiling module work.stream_sink(DATA_WIDTH=64,PKT_SI...
Compiling module work.latency_monitor(PKT_ID_W=8,PKT_S...
Compiling module work.pcie_axi_dma_top(DATA_WIDTH=64,P...
Compiling module work.tb_pcie_axi_dma(FIFO_DEPTH=64,BA...
Built simulation snapshot tb_pcie_axi_dma_snap
