#-----------------------------------------------------------
# xsim v2022.2 (64-bit)
# SW Build 3671981 on Fri Oct 14 04:59:54 MDT 2022
# IP Build 3669848 on Fri Oct 14 08:30:02 MDT 2022
# Start of session at: Thu May 21 21:42:43 2026
# Process ID: 4042191
# Current directory: /get/work/krishna.vardhan/git_trees/mtp_pcie_axi/build
# Command line: xsim -log xsim_gui.log -source {xsim.dir/tb_pcie_axi_dma_snap/xsim_script.tcl}
# Log file: /get/work/krishna.vardhan/git_trees/mtp_pcie_axi/build/xsim_gui.log
# Journal file: /get/work/krishna.vardhan/git_trees/mtp_pcie_axi/build/xsim.jou
# Running On: get-main, OS: Linux, CPU Frequency: 2309.998 MHz, CPU Physical cores: 2, Host memory: 16682 MB
#-----------------------------------------------------------
start_gui
source xsim.dir/tb_pcie_axi_dma_snap/xsim_script.tcl
# set_param project.enableReportConfiguration 0
# load_feature core
# current_fileset
WARNING: [Board 49-26] cannot add Board Part xilinx.com:kc705:part0:1.6 available at /tools/Xilinx/Vivado/2022.2/data/xhub/boards/XilinxBoardStore/boards/Xilinx/kc705/1.6/board.xml as part xc7k325tffg900-2 specified in board_part file is either invalid or not available
WARNING: [Board 49-26] cannot add Board Part xilinx.com:kcu105:part0:1.6 available at /tools/Xilinx/Vivado/2022.2/data/xhub/boards/XilinxBoardStore/boards/Xilinx/kcu105/1.6/board.xml as part xcku040-ffva1156-2-e specified in board_part file is either invalid or not available
WARNING: [Board 49-26] cannot add Board Part xilinx.com:kcu105:part0:1.7 available at /tools/Xilinx/Vivado/2022.2/data/xhub/boards/XilinxBoardStore/boards/Xilinx/kcu105/1.7/board.xml as part xcku040-ffva1156-2-e specified in board_part file is either invalid or not available
WARNING: [Board 49-26] cannot add Board Part xilinx.com:kcu1500:part0:1.2 available at /tools/Xilinx/Vivado/2022.2/data/xhub/boards/XilinxBoardStore/boards/Xilinx/kcu1500/1.2/board.xml as part xcku115-flvb2104-2-e specified in board_part file is either invalid or not available
WARNING: [Board 49-26] cannot add Board Part xilinx.com:vc707:part0:1.4 available at /tools/Xilinx/Vivado/2022.2/data/xhub/boards/XilinxBoardStore/boards/Xilinx/vc707/1.4/board.xml as part xc7vx485tffg1761-2 specified in board_part file is either invalid or not available
WARNING: [Board 49-26] cannot add Board Part xilinx.com:vc709:part0:1.8 available at /tools/Xilinx/Vivado/2022.2/data/xhub/boards/XilinxBoardStore/boards/Xilinx/vc709/1.8/board.xml as part xc7vx690tffg1761-2 specified in board_part file is either invalid or not available
WARNING: [Board 49-26] cannot add Board Part xilinx.com:vck190:part0:2.2 available at /tools/Xilinx/Vivado/2022.2/data/xhub/boards/XilinxBoardStore/boards/Xilinx/vck190/production/2.2/board.xml as part xcvc1902-vsva2197-2mp-e-s specified in board_part file is either invalid or not available
WARNING: [Board 49-26] cannot add Board Part xilinx.com:vck190:part0:3.0 available at /tools/Xilinx/Vivado/2022.2/data/xhub/boards/XilinxBoardStore/boards/Xilinx/vck190/production/3.0/board.xml as part xcvc1902-vsva2197-2mp-e-s specified in board_part file is either invalid or not available
WARNING: [Board 49-26] cannot add Board Part xilinx.com:vck190:part0:3.1 available at /tools/Xilinx/Vivado/2022.2/data/xhub/boards/XilinxBoardStore/boards/Xilinx/vck190/production/3.1/board.xml as part xcvc1902-vsva2197-2mp-e-s specified in board_part file is either invalid or not available
WARNING: [Board 49-26] cannot add Board Part xilinx.com:vck190_newl:part0:1.0 available at /tools/Xilinx/Vivado/2022.2/data/xhub/boards/XilinxBoardStore/boards/Xilinx/vck190_newl/production/1.0/board.xml as part xcvc1902-vsva2197-2mp-e-s specified in board_part file is either invalid or not available
WARNING: [Board 49-26] cannot add Board Part xilinx.com:vcu108:part0:1.6 available at /tools/Xilinx/Vivado/2022.2/data/xhub/boards/XilinxBoardStore/boards/Xilinx/vcu108/1.6/board.xml as part xcvu095-ffva2104-2-e specified in board_part file is either invalid or not available
WARNING: [Board 49-26] cannot add Board Part xilinx.com:vcu108:part0:1.7 available at /tools/Xilinx/Vivado/2022.2/data/xhub/boards/XilinxBoardStore/boards/Xilinx/vcu108/1.7/board.xml as part xcvu095-ffva2104-2-e specified in board_part file is either invalid or not available
WARNING: [Board 49-26] cannot add Board Part xilinx.com:vcu110:part0:1.4 available at /tools/Xilinx/Vivado/2022.2/data/xhub/boards/XilinxBoardStore/boards/Xilinx/vcu110/1.4/board.xml as part xcvu190-flgc2104-2-e specified in board_part file is either invalid or not available
WARNING: [Board 49-26] cannot add Board Part xilinx.com:vcu118:part0:2.0 available at /tools/Xilinx/Vivado/2022.2/data/xhub/boards/XilinxBoardStore/boards/Xilinx/vcu118/2.0/board.xml as part xcvu9p-flga2104-2l-e specified in board_part file is either invalid or not available
WARNING: [Board 49-26] cannot add Board Part xilinx.com:vcu118:part0:2.3 available at /tools/Xilinx/Vivado/2022.2/data/xhub/boards/XilinxBoardStore/boards/Xilinx/vcu118/2.3/board.xml as part xcvu9p-flga2104-2l-e specified in board_part file is either invalid or not available
WARNING: [Board 49-26] cannot add Board Part xilinx.com:vcu118:part0:2.4 available at /tools/Xilinx/Vivado/2022.2/data/xhub/boards/XilinxBoardStore/boards/Xilinx/vcu118/2.4/board.xml as part xcvu9p-flga2104-2l-e specified in board_part file is either invalid or not available
WARNING: [Board 49-26] cannot add Board Part xilinx.com:vcu128:part0:1.0 available at /tools/Xilinx/Vivado/2022.2/data/xhub/boards/XilinxBoardStore/boards/Xilinx/vcu128/production/1.0/board.xml as part xcvu37p-fsvh2892-2l-e specified in board_part file is either invalid or not available
WARNING: [Board 49-26] cannot add Board Part xilinx.com:vcu129:part0:1.0 available at /tools/Xilinx/Vivado/2022.2/data/xhub/boards/XilinxBoardStore/boards/Xilinx/vcu129/production/1.0/board.xml as part xcvu29p-fsga2577-2l-e specified in board_part file is either invalid or not available
WARNING: [Board 49-26] cannot add Board Part xilinx.com:vcu1525:part0:1.3 available at /tools/Xilinx/Vivado/2022.2/data/xhub/boards/XilinxBoardStore/boards/Xilinx/vcu1525/1.3/board.xml as part xcvu9p-fsgd2104-2l-e specified in board_part file is either invalid or not available
WARNING: [Board 49-26] cannot add Board Part xilinx.com:vek280_es:part0:1.0 available at /tools/Xilinx/Vivado/2022.2/data/xhub/boards/XilinxBoardStore/boards/Xilinx/vek280/es/1.0/board.xml as part xcve2802-vsvh1760-2lp-e-s-es1 specified in board_part file is either invalid or not available
WARNING: [Board 49-26] cannot add Board Part xilinx.com:vermeo_t1_mpsoc:part0:1.0 available at /tools/Xilinx/Vivado/2022.2/data/xhub/boards/XilinxBoardStore/boards/Xilinx/vermeo_t1_mpsoc/1.0/board.xml as part xczu19eg-ffvd1760-2l-e specified in board_part file is either invalid or not available
WARNING: [Board 49-26] cannot add Board Part xilinx.com:vermeo_t1_rfsoc:part0:1.0 available at /tools/Xilinx/Vivado/2022.2/data/xhub/boards/XilinxBoardStore/boards/Xilinx/vermeo_t1_rfsoc/1.0/board.xml as part xczu21dr-ffvd1156-2l-e specified in board_part file is either invalid or not available
WARNING: [Board 49-26] cannot add Board Part xilinx.com:vhk158_es:part0:1.0 available at /tools/Xilinx/Vivado/2022.2/data/xhub/boards/XilinxBoardStore/boards/Xilinx/vhk158/es/1.0/board.xml as part xcvh1582-vsva3697-2mp-e-s-es1 specified in board_part file is either invalid or not available
WARNING: [Board 49-26] cannot add Board Part xilinx.com:vmk180:part0:2.2 available at /tools/Xilinx/Vivado/2022.2/data/xhub/boards/XilinxBoardStore/boards/Xilinx/vmk180/production/2.2/board.xml as part xcvm1802-vsva2197-2mp-e-s specified in board_part file is either invalid or not available
WARNING: [Board 49-26] cannot add Board Part xilinx.com:vmk180:part0:3.0 available at /tools/Xilinx/Vivado/2022.2/data/xhub/boards/XilinxBoardStore/boards/Xilinx/vmk180/production/3.0/board.xml as part xcvm1802-vsva2197-2mp-e-s specified in board_part file is either invalid or not available
WARNING: [Board 49-26] cannot add Board Part xilinx.com:vmk180:part0:3.1 available at /tools/Xilinx/Vivado/2022.2/data/xhub/boards/XilinxBoardStore/boards/Xilinx/vmk180/production/3.1/board.xml as part xcvm1802-vsva2197-2mp-e-s specified in board_part file is either invalid or not available
WARNING: [Board 49-26] cannot add Board Part xilinx.com:vmk180_newl:part0:1.0 available at /tools/Xilinx/Vivado/2022.2/data/xhub/boards/XilinxBoardStore/boards/Xilinx/vmk180_newl/production/1.0/board.xml as part xcvm1802-vsva2197-2mp-e-s specified in board_part file is either invalid or not available
WARNING: [Board 49-26] cannot add Board Part xilinx.com:vpk120:part0:1.0 available at /tools/Xilinx/Vivado/2022.2/data/xhub/boards/XilinxBoardStore/boards/Xilinx/vpk120/production/1.0/board.xml as part xcvp1202-vsva2785-2mp-e-s specified in board_part file is either invalid or not available
WARNING: [Board 49-26] cannot add Board Part xilinx.com:vpk120_es:part0:1.2 available at /tools/Xilinx/Vivado/2022.2/data/xhub/boards/XilinxBoardStore/boards/Xilinx/vpk120/es/1.2/board.xml as part xcvp1202-vsva2785-2mp-e-s-es1 specified in board_part file is either invalid or not available
WARNING: [Board 49-26] cannot add Board Part xilinx.com:vpk120_es_revb:part0:1.0 available at /tools/Xilinx/Vivado/2022.2/data/xhub/boards/XilinxBoardStore/boards/Xilinx/vpk120_revb/es/1.0/board.xml as part xcvp1202-vsva2785-2mp-e-s-es1 specified in board_part file is either invalid or not available
WARNING: [Board 49-26] cannot add Board Part xilinx.com:vpk180_es:part0:1.0 available at /tools/Xilinx/Vivado/2022.2/data/xhub/boards/XilinxBoardStore/boards/Xilinx/vpk180/es/1.0/board.xml as part xcvp1802-lsvc4072-2mp-e-s-es1 specified in board_part file is either invalid or not available
WARNING: [Board 49-26] cannot add Board Part xilinx.com:zc706:part0:1.4 available at /tools/Xilinx/Vivado/2022.2/data/xhub/boards/XilinxBoardStore/boards/Xilinx/zc706/1.4/board.xml as part xc7z045ffg900-2 specified in board_part file is either invalid or not available
WARNING: [Board 49-26] cannot add Board Part xilinx.com:zcu102:part0:3.3 available at /tools/Xilinx/Vivado/2022.2/data/xhub/boards/XilinxBoardStore/boards/Xilinx/zcu102/3.3/board.xml as part xczu9eg-ffvb1156-2-e specified in board_part file is either invalid or not available
WARNING: [Board 49-26] cannot add Board Part xilinx.com:zcu102:part0:3.4 available at /tools/Xilinx/Vivado/2022.2/data/xhub/boards/XilinxBoardStore/boards/Xilinx/zcu102/3.4/board.xml as part xczu9eg-ffvb1156-2-e specified in board_part file is either invalid or not available
WARNING: [Board 49-26] cannot add Board Part xilinx.com:zcu111:part0:1.2 available at /tools/Xilinx/Vivado/2022.2/data/xhub/boards/XilinxBoardStore/boards/Xilinx/zcu111/1.2/board.xml as part xczu28dr-ffvg1517-2-e specified in board_part file is either invalid or not available
WARNING: [Board 49-26] cannot add Board Part xilinx.com:zcu111:part0:1.3 available at /tools/Xilinx/Vivado/2022.2/data/xhub/boards/XilinxBoardStore/boards/Xilinx/zcu111/1.3/board.xml as part xczu28dr-ffvg1517-2-e specified in board_part file is either invalid or not available
WARNING: [Board 49-26] cannot add Board Part xilinx.com:zcu111:part0:1.4 available at /tools/Xilinx/Vivado/2022.2/data/xhub/boards/XilinxBoardStore/boards/Xilinx/zcu111/1.4/board.xml as part xczu28dr-ffvg1517-2-e specified in board_part file is either invalid or not available
WARNING: [Board 49-26] cannot add Board Part xilinx.com:zcu1275:part0:1.0 available at /tools/Xilinx/Vivado/2022.2/data/xhub/boards/XilinxBoardStore/boards/Xilinx/zcu1275/1.0/board.xml as part xczu29dr-ffvf1760-2-e specified in board_part file is either invalid or not available
WARNING: [Board 49-26] cannot add Board Part xilinx.com:zcu1285:part0:1.0 available at /tools/Xilinx/Vivado/2022.2/data/xhub/boards/XilinxBoardStore/boards/Xilinx/zcu1285/1.0/board.xml as part xczu39dr-ffvf1760-2-i specified in board_part file is either invalid or not available
WARNING: [Board 49-26] cannot add Board Part xilinx.com:zcu208:part0:2.0 available at /tools/Xilinx/Vivado/2022.2/data/xhub/boards/XilinxBoardStore/boards/Xilinx/zcu208/production/2.0/board.xml as part xczu48dr-fsvg1517-2-e specified in board_part file is either invalid or not available
WARNING: [Board 49-26] cannot add Board Part xilinx.com:zcu208ld:part0:2.0 available at /tools/Xilinx/Vivado/2022.2/data/xhub/boards/XilinxBoardStore/boards/Xilinx/zcu208ld/production/2.0/board.xml as part xczu58dr-fsvg1517-2-i specified in board_part file is either invalid or not available
WARNING: [Board 49-26] cannot add Board Part xilinx.com:zcu216:part0:2.0 available at /tools/Xilinx/Vivado/2022.2/data/xhub/boards/XilinxBoardStore/boards/Xilinx/zcu216/production/2.0/board.xml as part xczu49dr-ffvf1760-2-e specified in board_part file is either invalid or not available
WARNING: [Board 49-26] cannot add Board Part xilinx.com:zcu216ld:part0:2.0 available at /tools/Xilinx/Vivado/2022.2/data/xhub/boards/XilinxBoardStore/boards/Xilinx/zcu216ld/production/2.0/board.xml as part xczu59dr-ffvf1760-2-i specified in board_part file is either invalid or not available
WARNING: [Board 49-26] cannot add Board Part xilinx.com:zcu670:part0:2.0 available at /tools/Xilinx/Vivado/2022.2/data/xhub/boards/XilinxBoardStore/boards/Xilinx/zcu670/2.0/board.xml as part xczu67dr-fsve1156-2-i specified in board_part file is either invalid or not available
WARNING: [Board 49-26] cannot add Board Part xilinx.com:zcu670ld:part0:1.0 available at /tools/Xilinx/Vivado/2022.2/data/xhub/boards/XilinxBoardStore/boards/Xilinx/zcu670ld/1.0/board.xml as part xczu57dr-fsve1156-2-i specified in board_part file is either invalid or not available
INFO: [IP_Flow 19-234] Refreshing IP repositories
INFO: [IP_Flow 19-1704] No user IP repositories specified
INFO: [IP_Flow 19-2313] Loaded Vivado IP repository '/tools/Xilinx/Vivado/2022.2/data/ip'.
current_fileset: Time (s): cpu = 00:00:50 ; elapsed = 00:00:32 . Memory (MB): peak = 8226.781 ; gain = 150.051 ; free physical = 265 ; free virtual = 13371
# xsim {tb_pcie_axi_dma_snap} -wdb {/get/work/krishna.vardhan/git_trees/mtp_pcie_axi/build/tb_pcie_axi_dma.wdb} -autoloadwcfg -tclbatch {/dev/null}
Time resolution is 1 ps
source /dev/null
add_wave {{/\tb_pcie_axi_dma(FIFO_DEPTH=64,BATCH_COUNT=4,BATCH_TIMEOUT=64) /clk}} {{/\tb_pcie_axi_dma(FIFO_DEPTH=64,BATCH_COUNT=4,BATCH_TIMEOUT=64) /rst_n}} {{/\tb_pcie_axi_dma(FIFO_DEPTH=64,BATCH_COUNT=4,BATCH_TIMEOUT=64) /gen_tvalid}} {{/\tb_pcie_axi_dma(FIFO_DEPTH=64,BATCH_COUNT=4,BATCH_TIMEOUT=64) /gen_tready}} {{/\tb_pcie_axi_dma(FIFO_DEPTH=64,BATCH_COUNT=4,BATCH_TIMEOUT=64) /gen_tdata}} {{/\tb_pcie_axi_dma(FIFO_DEPTH=64,BATCH_COUNT=4,BATCH_TIMEOUT=64) /gen_tkeep}} {{/\tb_pcie_axi_dma(FIFO_DEPTH=64,BATCH_COUNT=4,BATCH_TIMEOUT=64) /gen_tlast}} {{/\tb_pcie_axi_dma(FIFO_DEPTH=64,BATCH_COUNT=4,BATCH_TIMEOUT=64) /gen_tuser}} {{/\tb_pcie_axi_dma(FIFO_DEPTH=64,BATCH_COUNT=4,BATCH_TIMEOUT=64) /gen_tid}} {{/\tb_pcie_axi_dma(FIFO_DEPTH=64,BATCH_COUNT=4,BATCH_TIMEOUT=64) /pkt_inject}} {{/\tb_pcie_axi_dma(FIFO_DEPTH=64,BATCH_COUNT=4,BATCH_TIMEOUT=64) /inject_id}} {{/\tb_pcie_axi_dma(FIFO_DEPTH=64,BATCH_COUNT=4,BATCH_TIMEOUT=64) /inject_size}} {{/\tb_pcie_axi_dma(FIFO_DEPTH=64,BATCH_COUNT=4,BATCH_TIMEOUT=64) /latency_out}} {{/\tb_pcie_axi_dma(FIFO_DEPTH=64,BATCH_COUNT=4,BATCH_TIMEOUT=64) /latency_valid}} {{/\tb_pcie_axi_dma(FIFO_DEPTH=64,BATCH_COUNT=4,BATCH_TIMEOUT=64) /latency_id}} {{/\tb_pcie_axi_dma(FIFO_DEPTH=64,BATCH_COUNT=4,BATCH_TIMEOUT=64) /pkt_count}} {{/\tb_pcie_axi_dma(FIFO_DEPTH=64,BATCH_COUNT=4,BATCH_TIMEOUT=64) /fifo_occupancy}} {{/\tb_pcie_axi_dma(FIFO_DEPTH=64,BATCH_COUNT=4,BATCH_TIMEOUT=64) /fifo_full}} {{/\tb_pcie_axi_dma(FIFO_DEPTH=64,BATCH_COUNT=4,BATCH_TIMEOUT=64) /fifo_empty}} {{/\tb_pcie_axi_dma(FIFO_DEPTH=64,BATCH_COUNT=4,BATCH_TIMEOUT=64) /tb_cycle}} {{/\tb_pcie_axi_dma(FIFO_DEPTH=64,BATCH_COUNT=4,BATCH_TIMEOUT=64) /pkt_sizes}} {{/\tb_pcie_axi_dma(FIFO_DEPTH=64,BATCH_COUNT=4,BATCH_TIMEOUT=64) /inject_cyc}} {{/\tb_pcie_axi_dma(FIFO_DEPTH=64,BATCH_COUNT=4,BATCH_TIMEOUT=64) /done_cyc}} {{/\tb_pcie_axi_dma(FIFO_DEPTH=64,BATCH_COUNT=4,BATCH_TIMEOUT=64) /measured_lat}} {{/\tb_pcie_axi_dma(FIFO_DEPTH=64,BATCH_COUNT=4,BATCH_TIMEOUT=64) /prev_count}} {{/\tb_pcie_axi_dma(FIFO_DEPTH=64,BATCH_COUNT=4,BATCH_TIMEOUT=64) /timeout_cnt}} {{/\tb_pcie_axi_dma(FIFO_DEPTH=64,BATCH_COUNT=4,BATCH_TIMEOUT=64) /TB_SCENARIO}} {{/\tb_pcie_axi_dma(FIFO_DEPTH=64,BATCH_COUNT=4,BATCH_TIMEOUT=64) /FIFO_DEPTH}} {{/\tb_pcie_axi_dma(FIFO_DEPTH=64,BATCH_COUNT=4,BATCH_TIMEOUT=64) /BATCH_COUNT}} {{/\tb_pcie_axi_dma(FIFO_DEPTH=64,BATCH_COUNT=4,BATCH_TIMEOUT=64) /BATCH_TIMEOUT}} {{/\tb_pcie_axi_dma(FIFO_DEPTH=64,BATCH_COUNT=4,BATCH_TIMEOUT=64) /BATCHING_EN}} {{/\tb_pcie_axi_dma(FIFO_DEPTH=64,BATCH_COUNT=4,BATCH_TIMEOUT=64) /CLK_PERIOD_NS}} {{/\tb_pcie_axi_dma(FIFO_DEPTH=64,BATCH_COUNT=4,BATCH_TIMEOUT=64) /DW}} {{/\tb_pcie_axi_dma(FIFO_DEPTH=64,BATCH_COUNT=4,BATCH_TIMEOUT=64) /PSW}} {{/\tb_pcie_axi_dma(FIFO_DEPTH=64,BATCH_COUNT=4,BATCH_TIMEOUT=64) /IDW}} {{/\tb_pcie_axi_dma(FIFO_DEPTH=64,BATCH_COUNT=4,BATCH_TIMEOUT=64) /STRB}} 
run -
ERROR: [#UNDEF] Time value - is not a valid number
run -all
[batching_unit] Bypass mode (enable=0)

[RESULT] ================================================================
[RESULT]  PCIe-AXI DMA Latency Simulation  |  Config: BASELINE,FIFO=64
[RESULT] ================================================================
[RESULT]  PKT_ID | SIZE (B) | LATENCY (cyc) | EFFICIENCY (B/cyc)
[RESULT] ----------------------------------------------------------------
[dma_model] t=775000  pkt_id=0  descriptor setup done  (SETUP_CYCLES=8)
[sink]  t=865000  pkt_id=0  size=64B  count=1
[RESULT]       0 |       64 |            73 |               0.88 | BASELINE,FIFO=64
[latmon] pkt_id=0  size=  64B  latency=   71 cyc  eff= 0.90 B/cyc
[latmon]  ↳ est: PCIe=44  DMA=24  other=3  total_measured=71
[dma_model] t=1905000  pkt_id=1  descriptor setup done  (SETUP_CYCLES=8)
[sink]  t=2075000  pkt_id=1  size=128B  count=2
[RESULT]       1 |      128 |           113 |               1.13 | BASELINE,FIFO=64
[latmon] pkt_id=1  size= 128B  latency=  111 cyc  eff= 1.15 B/cyc
[latmon]  ↳ est: PCIe=68  DMA=40  other=3  total_measured=111
[dma_model] t=3755000  pkt_id=2  descriptor setup done  (SETUP_CYCLES=8)
[sink]  t=4085000  pkt_id=2  size=256B  count=3
[RESULT]       2 |      256 |           193 |               1.33 | BASELINE,FIFO=64
[latmon] pkt_id=2  size= 256B  latency=  191 cyc  eff= 1.34 B/cyc
[latmon]  ↳ est: PCIe=116  DMA=72  other=3  total_measured=191
[dma_model] t=7045000  pkt_id=3  descriptor setup done  (SETUP_CYCLES=8)
[sink]  t=7695000  pkt_id=3  size=512B  count=4
[RESULT]       3 |      512 |           353 |               1.45 | BASELINE,FIFO=64
[latmon] pkt_id=3  size= 512B  latency=  351 cyc  eff= 1.46 B/cyc
[latmon]  ↳ est: PCIe=212  DMA=136  other=3  total_measured=351
[dma_model] t=13215000  pkt_id=4  descriptor setup done  (SETUP_CYCLES=8)
[sink]  t=14505000  pkt_id=4  size=1024B  count=5
[RESULT]       4 |     1024 |           673 |               1.52 | BASELINE,FIFO=64
[latmon] pkt_id=4  size=1024B  latency=  671 cyc  eff= 1.53 B/cyc
[latmon]  ↳ est: PCIe=404  DMA=264  other=3  total_measured=671
[dma_model] t=35385000  pkt_id=5  descriptor setup done  (SETUP_CYCLES=8)
[sink]  t=40515000  pkt_id=5  size=4096B  count=6
[RESULT]       5 |     4096 |          2593 |               1.58 | BASELINE,FIFO=64
[latmon] pkt_id=5  size=4096B  latency= 2591 cyc  eff= 1.58 B/cyc
[latmon]  ↳ est: PCIe=1556  DMA=1032  other=3  total_measured=2591
[RESULT] ----------------------------------------------------------------
[RESULT]  Total packets received: 6
[RESULT] ================================================================


[latmon] ╔══════════════════════════════════════════╗
[latmon] ║        LATENCY MONITOR SUMMARY           ║
[latmon] ╠══════════════════════════════════════════╣
[latmon] ║  Packets measured :    6                 ║
[latmon] ║  Min latency      :     71 cycles          ║
[latmon] ║  Max latency      :   2591 cycles          ║
[latmon] ║  Avg latency      :    664.3 cycles        ║
[latmon] ║  Total bytes      :     6080 bytes           ║
[latmon] ║  Avg efficiency   :  1.53 B/cyc         ║
[latmon] ║  Eff throughput   :  152.5 MB/s (100MHz) ║
[latmon] ╚══════════════════════════════════════════╝

$finish called at time : 40805 ns : File "/get/work/krishna.vardhan/git_trees/mtp_pcie_axi/verif/tb/tb_pcie_axi_dma.sv" Line 375
close_sim
INFO: [Simtcl 6-16] Simulation closed
exit
INFO: [Common 17-206] Exiting xsim at Fri May 22 20:32:50 2026...
